46.4.120.3 - - [18/Jun/2016:18:20:16 -0700] "GET /sitemap/%E2%80%9Chttp://www.socialistparty.net/pub/pages/socialist018jul06/12.htm HTTP/1.1" 404 88 "-" "Mozilla/5.0 (compatible; MJ12bot/v1.4.5; http://www.majestic12.co.uk/bot.php?+)" "redlug.com"
46.4.120.3 - - [18/Jun/2016:18:20:18 -0700] "GET /sitemap/%E2%80%9Chttp://www.socialistparty.net/pub/pages/socialist018jul06/13.htm HTTP/1.1" 404 88 "-" "Mozilla/5.0 (compatible; MJ12bot/v1.4.5; http://www.majestic12.co.uk/bot.php?+)" "redlug.com"
46.4.120.3 - - [18/Jun/2016:18:20:21 -0700] "GET /sitemap/%E2%80%9Chttp://www.socialistparty.net/pub/pages/socialist018jul06/15.htm%E2%80%9DFeature: HTTP/1.1" 404 88 "-" "Mozilla/5.0 (compatible; MJ12bot/v1.4.5; http://www.majestic12.co.uk/bot.php?+)" "redlug.com"
46.4.120.3 - - [18/Jun/2016:18:20:23 -0700] "GET /sitemap/%E2%80%9Chttp://www.socialistparty.net/pub/pages/socialist018jul06/17.htm HTTP/1.1" 404 88 "-" "Mozilla/5.0 (compatible; MJ12bot/v1.4.5; http://www.majestic12.co.uk/bot.php?+)" "redlug.com"
46.4.120.3 - - [18/Jun/2016:18:20:25 -0700] "GET /sitemap/%E2%80%9Chttp://www.socialistparty.net/pub/pages/socialist018jul06/2.htm HTTP/1.1" 404 73 "-" "Mozilla/5.0 (compatible; MJ12bot/v1.4.5; http://www.majestic12.co.uk/bot.php?+)" "redlug.com"
46.4.120.3 - - [18/Jun/2016:18:20:27 -0700] "GET /sitemap/%E2%80%9Chttp://www.socialistparty.net/pub/pages/socialist018jul06/20.htm HTTP/1.1" 404 88 "-" "Mozilla/5.0 (compatible; MJ12bot/v1.4.5; http://www.majestic12.co.uk/bot.php?+)" "redlug.com"
46.4.120.3 - - [18/Jun/2016:18:20:33 -0700] "GET /sitemap/%E2%80%9Chttp://www.socialistparty.net/pub/pages/socialist018jul06/3.htm HTTP/1.1" 404 88 "-" "Mozilla/5.0 (compatible; MJ12bot/v1.4.5; http://www.majestic12.co.uk/bot.php?+)" "redlug.com"
46.4.120.3 - - [18/Jun/2016:18:20:48 -0700] "GET /sitemap/%E2%80%9Chttp://www.socialistparty.net/pub/pages/socialist018jul06/6.htm HTTP/1.1" 404 88 "-" "Mozilla/5.0 (compatible; MJ12bot/v1.4.5; http://www.majestic12.co.uk/bot.php?+)" "redlug.com"
46.4.120.3 - - [18/Jun/2016:18:20:55 -0700] "GET /sitemap/%E2%80%9Chttp://www.socialistparty.net/pub/pages/socialist018jul06/7.htm HTTP/1.1" 404 88 "-" "Mozilla/5.0 (compatible; MJ12bot/v1.4.5; http://www.majestic12.co.uk/bot.php?+)" "redlug.com"
31.184.238.202 - - [18/Jun/2016:18:20:57 -0700] "GET /logs/access.log HTTP/1.1" 200 62803 "http://gravatar.com/ciogislomerasqui" "Mozilla/5.0 (Windows NT 6.1; WOW64) AppleWebKit/537.36 (KHTML, like Gecko) Chrome/32.0.1700.107 Safari/537.36" "redlug.com"
46.4.120.3 - - [18/Jun/2016:18:21:01 -0700] "GET /sitemap/%E2%80%9Chttp://www.socialistparty.net/pub/pages/socialist018jul06/8.htm HTTP/1.1" 404 88 "-" "Mozilla/5.0 (compatible; MJ12bot/v1.4.5; http://www.majestic12.co.uk/bot.php?+)" "redlug.com"
46.4.120.3 - - [18/Jun/2016:18:21:09 -0700] "GET /sitemap/%E2%80%9Chttp://www.socialistparty.net/pub/pages/socialist018jul06/9.htm HTTP/1.1" 404 88 "-" "Mozilla/5.0 (compatible; MJ12bot/v1.4.5; http://www.majestic12.co.uk/bot.php?+)" "redlug.com"
46.4.120.3 - - [18/Jun/2016:18:21:11 -0700] "GET /sitemap/%E2%80%9D. HTTP/1.1" 404 88 "-" "Mozilla/5.0 (compatible; MJ12bot/v1.4.5; http://www.majestic12.co.uk/bot.php?+)" "redlug.com"
46.4.120.3 - - [18/Jun/2016:18:21:13 -0700] "GET /sitemap/%E2%80%9Dhttp://www.geocities.com/socialistparty/Socialist/0502 HTTP/1.1" 404 88 "-" "Mozilla/5.0 (compatible; MJ12bot/v1.4.5; http://www.majestic12.co.uk/bot.php?+)" "redlug.com"
46.4.120.3 - - [18/Jun/2016:18:21:23 -0700] "GET /sitemap/%E2%80%9Dhttp://www.socialistparty.net/pub/pages/socialist005apr05/11.htm%22 HTTP/1.1" 404 88 "-" "Mozilla/5.0 (compatible; MJ12bot/v1.4.5; http://www.majestic12.co.uk/bot.php?+)" "redlug.com"
46.4.120.3 - - [18/Jun/2016:18:21:30 -0700] "GET /socview/SV0302Demo.htm HTTP/1.1" 200 6218 "-" "Mozilla/5.0 (compatible; MJ12bot/v1.4.5; http://www.majestic12.co.uk/bot.php?+)" "redlug.com"
46.4.120.3 - - [18/Jun/2016:18:21:35 -0700] "GET /socview/Vietnam0303.htm HTTP/1.1" 200 4108 "-" "Mozilla/5.0 (compatible; MJ12bot/v1.4.5; http://www.majestic12.co.uk/bot.php?+)" "redlug.com"
5.255.250.94 - - [18/Jun/2016:18:23:15 -0700] "GET /logs/access_150321.log HTTP/1.1" 200 113364 "-" "Mozilla/5.0 (compatible; YandexBot/3.0; +http://yandex.com/bots)" "redlug.com"
37.25.118.242 - - [18/Jun/2016:18:26:06 -0700] "GET /logs/access_130930.log HTTP/1.1" 404 73 "http://prednisolon10rezeptfrei.aircus.com/" "Mozilla/5.0 (Windows NT 6.1) AppleWebKit/537.11 (KHTML, like Gecko) Chrome/23.0.1271.95 Safari/537.11" "redlug.com"
37.25.118.242 - - [18/Jun/2016:18:26:07 -0700] "GET /logs/access_130930.log HTTP/1.1" 404 73 "http://prednisolon10rezeptfrei.aircus.com/" "Opera/9.80 (Windows NT 6.1) Presto/2.12.388 Version/12.10" "redlug.com"
37.25.118.242 - - [18/Jun/2016:18:26:07 -0700] "GET /access_130930.log HTTP/1.1" 404 73 "http://prednisolon10rezeptfrei.aircus.com/" "Opera/9.80 (Windows NT 6.1) Presto/2.12.388 Version/12.10" "redlug.com"
37.25.118.242 - - [18/Jun/2016:18:26:07 -0700] "GET /logs/access_130930.log HTTP/1.1" 404 73 "http://prednisolon10rezeptfrei.aircus.com/" "Mozilla/5.0 (compatible; MSIE 9.0; Windows NT 6.1; Trident/5.0)" "redlug.com"
37.25.118.242 - - [18/Jun/2016:18:26:08 -0700] "GET /access_130930.log HTTP/1.1" 404 73 "http://prednisolon10rezeptfrei.aircus.com/" "Mozilla/5.0 (compatible; MSIE 9.0; Windows NT 6.1; Trident/5.0)" "redlug.com"
37.25.118.242 - - [18/Jun/2016:18:26:08 -0700] "GET /logs/access_130930.log HTTP/1.1" 404 73 "http://prednisolon10rezeptfrei.aircus.com/" "Mozilla/5.0 (Windows NT 6.1; WOW64) AppleWebKit/537.1 (KHTML, like Gecko) Chrome/21.0.1180.89 Safari/537.1" "redlug.com"
37.25.118.242 - - [18/Jun/2016:18:26:08 -0700] "GET /access_130930.log HTTP/1.1" 404 73 "http://prednisolon10rezeptfrei.aircus.com/" "Mozilla/5.0 (Windows NT 6.1; WOW64) AppleWebKit/537.1 (KHTML, like Gecko) Chrome/21.0.1180.89 Safari/537.1" "redlug.com"
31.184.238.202 - - [18/Jun/2016:18:30:19 -0700] "GET /logs/access.log HTTP/1.1" 200 66404 "http://www.theknot.com/wedding/myambutol-and-shipping" "Mozilla/5.0 (Macintosh; Intel Mac OS X 10_9_1) AppleWebKit/537.73.11 (KHTML, like Gecko) Version/7.0.1 Safari/537.73.11" "redlug.com"
176.100.84.239 - - [18/Jun/2016:18:31:43 -0700] "GET /logs/access.log HTTP/1.1" 200 66685 "http://ftwd.pl/showthread.php?tid=3116" "Mozilla/5.0 (Windows NT 10.0; WOW64; rv:44.0) Gecko/20100101 Firefox/44.0" "redlug.com"
176.100.84.239 - - [18/Jun/2016:18:31:49 -0700] "GET /logs/access.log HTTP/1.1" 200 66905 "http://ftwd.pl/showthread.php?tid=3116" "Mozilla/5.0 (Windows NT 6.1; WOW64) AppleWebKit/537.36 (KHTML, like Gecko) Chrome/47.0.2526.111 Safari/537.36 OPR/34.0.2036.50" "redlug.com"
176.100.84.239 - - [18/Jun/2016:18:31:49 -0700] "GET /logs/access.log HTTP/1.1" 200 66905 "http://ftwd.pl/showthread.php?tid=3116" "Mozilla/5.0 (Windows NT 6.3; WOW64; rv:43.0) Gecko/20100101 Firefox/43.0" "redlug.com"
31.184.238.202 - - [18/Jun/2016:18:32:35 -0700] "GET /logs/access.log HTTP/1.1" 200 67397 "http://orderaravanorx.forumcircle.com" "Mozilla/5.0 (Windows NT 6.2; WOW64; rv:27.0) Gecko/20100101 Firefox/27.0" "redlug.com"
141.8.143.147 - - [18/Jun/2016:18:32:34 -0700] "GET /logs/access_150124.log HTTP/1.1" 200 696266 "-" "Mozilla/5.0 (compatible; YandexBot/3.0; +http://yandex.com/bots)" "redlug.com"
5.255.250.90 - - [18/Jun/2016:18:33:47 -0700] "GET /logs/access_150124.log HTTP/1.1" 200 2617140 "-" "Mozilla/5.0 (compatible; YandexBot/3.0; +http://yandex.com/bots)" "redlug.com"
31.184.238.202 - - [18/Jun/2016:18:41:56 -0700] "GET /logs/access.log HTTP/1.1" 200 67977 "http://www.theknot.com/wedding/prices-indapamide" "Mozilla/5.0 (Macintosh; Intel Mac OS X 10_9_1) AppleWebKit/537.73.11 (KHTML, like Gecko) Version/7.0.1 Safari/537.73.11" "redlug.com"
105.157.29.143 - - [18/Jun/2016:18:43:22 -0700] "GET /pdf/che_sos.pdf HTTP/1.1" 206 12635 "https://www.google.com/" "Mozilla/5.0 (Windows NT 6.1) AppleWebKit/537.36 (KHTML, like Gecko) Chrome/51.0.2704.103 Safari/537.36" "redlug.com"
31.184.238.202 - - [18/Jun/2016:18:44:08 -0700] "GET /logs/access.log HTTP/1.1" 200 68487 "http://gravatar.com/reprolisofamsi" "Mozilla/5.0 (Windows NT 6.3; WOW64) AppleWebKit/537.36 (KHTML, like Gecko) Chrome/33.0.1750.146 Safari/537.36" "redlug.com"
91.194.84.106 - - [18/Jun/2016:18:49:08 -0700] "GET /robots.txt HTTP/1.1" 200 37 "-" "Mozilla/5.0 (compatible; MJ12bot/v1.4.5; http://www.majestic12.co.uk/bot.php?+)" "redlug.com"
91.194.84.106 - - [18/Jun/2016:18:49:15 -0700] "GET /Archive/Contentslist.htm HTTP/1.1" 200 28094 "-" "Mozilla/5.0 (compatible; MJ12bot/v1.4.5; http://www.majestic12.co.uk/bot.php?+)" "redlug.com"
91.194.84.106 - - [18/Jun/2016:18:49:21 -0700] "GET /Archive/Rambo.htm HTTP/1.1" 200 1978 "-" "Mozilla/5.0 (compatible; MJ12bot/v1.4.5; http://www.majestic12.co.uk/bot.php?+)" "redlug.com"
91.194.84.106 - - [18/Jun/2016:18:49:24 -0700] "GET /Assorted/PilgerReview.htm HTTP/1.1" 200 2953 "-" "Mozilla/5.0 (compatible; MJ12bot/v1.4.5; http://www.majestic12.co.uk/bot.php?+)" "redlug.com"
91.194.84.106 - - [18/Jun/2016:18:49:31 -0700] "GET /sitemap/%E2%80%9Chttp://www.geocities.com/socialistparty/Socialist/06/0609JoeH.htm%22 HTTP/1.1" 404 88 "-" "Mozilla/5.0 (compatible; MJ12bot/v1.4.5; http://www.majestic12.co.uk/bot.php?+)" "redlug.com"
37.25.118.242 - - [18/Jun/2016:18:49:39 -0700] "GET /logs/access_130930.log HTTP/1.1" 404 73 "http://clomifen-kaufen.logdown.com/posts/737868-bsdjur" "Opera/9.80 (Windows NT 6.1; WOW64; U; MRA 8.0 (build 5880); ru) Presto/2.10.289 Version/12.02" "redlug.com"
37.25.118.242 - - [18/Jun/2016:18:49:40 -0700] "GET /logs/access_130930.log HTTP/1.1" 404 73 "http://clomifen-kaufen.logdown.com/posts/737868-bsdjur" "Opera/9.80 (Windows NT 5.1; MRA 6.0 (build 5998)) Presto/2.12.388 Version/12.11" "redlug.com"
37.25.118.242 - - [18/Jun/2016:18:49:40 -0700] "GET /access_130930.log HTTP/1.1" 404 73 "http://clomifen-kaufen.logdown.com/posts/737868-bsdjur" "Opera/9.80 (Windows NT 5.1; MRA 6.0 (build 5998)) Presto/2.12.388 Version/12.11" "redlug.com"
37.25.118.242 - - [18/Jun/2016:18:49:40 -0700] "GET /logs/access_130930.log HTTP/1.1" 404 73 "http://clomifen-kaufen.logdown.com/posts/737868-bsdjur" "Mozilla/5.0 (Windows NT 5.1; rv:7.0.1) Gecko/20100101 Firefox/7.0.1" "redlug.com"
37.25.118.242 - - [18/Jun/2016:18:49:41 -0700] "GET /access_130930.log HTTP/1.1" 404 73 "http://clomifen-kaufen.logdown.com/posts/737868-bsdjur" "Mozilla/5.0 (Windows NT 5.1; rv:7.0.1) Gecko/20100101 Firefox/7.0.1" "redlug.com"
37.25.118.242 - - [18/Jun/2016:18:49:41 -0700] "GET /logs/access_130930.log HTTP/1.1" 404 73 "http://clomifen-kaufen.logdown.com/posts/737868-bsdjur" "Mozilla/5.0 (Windows NT 5.1) AppleWebKit/536.5 (KHTML, like Gecko) Chrome/19.0.1084.46 Safari/536.5 Nichrome/self/19" "redlug.com"
37.25.118.242 - - [18/Jun/2016:18:49:42 -0700] "GET /access_130930.log HTTP/1.1" 404 73 "http://clomifen-kaufen.logdown.com/posts/737868-bsdjur" "Mozilla/5.0 (Windows NT 5.1) AppleWebKit/536.5 (KHTML, like Gecko) Chrome/19.0.1084.46 Safari/536.5 Nichrome/self/19" "redlug.com"
31.184.238.202 - - [18/Jun/2016:18:53:29 -0700] "GET /logs/access.log HTTP/1.1" 200 71521 "http://claritinlo.forumcircle.com" "Mozilla/5.0 (Windows NT 6.1; WOW64) AppleWebKit/537.36 (KHTML, like Gecko) Chrome/30.0.1599.12785 YaBrowser/13.12.1599.12785 Safari/537.36" "redlug.com"
5.189.129.137 - - [18/Jun/2016:18:55:07 -0700] "GET /logs/access.log HTTP/1.1" 200 6287 "http://redlug.com/" "Mozilla/5.0 (Macintosh; Intel Mac OS X 10_10_1) AppleWebKit/537.36 (KHTML, like Gecko) Chrome/39.0.2171.95 Safari/537.36" "redlug.com"
113.108.21.69 - - [18/Jun/2016:18:55:37 -0700] "GET /pdf/iwd1990.docx HTTP/1.1" 404 88 "-" "Mozilla/5.0 (iPhone; U; CPU iPhone OS 4_0 like Mac OS X; en-us) AppleWebKit/532.9 (KHTML, like Gecko) Version/4.0.5 Mobile/8A293 Safari/6531.22.7" "redlug.com"
101.226.68.215 - - [18/Jun/2016:18:55:37 -0700] "GET /pdf/iwd1990.docx HTTP/1.1" 404 88 "-" "Mozilla/5.0 (iPhone; U; CPU iPhone OS 4_0 like Mac OS X; en-us) AppleWebKit/532.9 (KHTML, like Gecko) Version/4.0.5 Mobile/8A293 Safari/6531.22.7" "redlug.com"
101.226.227.142 - - [18/Jun/2016:18:55:37 -0700] "GET /pdf/iwd1990.docx-o/dev/null;wget1http://redlug.com/pdf/iwd1990.docx-o/dev/null;curlhttp://redlug.com/pdf/iwd1990.docx-o/dev/null;/usr/sfwbin/wgethttp://redlug.com/pdf/iwd1990.docx;fetch-/dev/nullhttp://redlug.com/pdf/iwd1990.docx HTTP/1.1" 404 73 "-" "-" "redlug.com"
101.226.69.108 - - [18/Jun/2016:18:55:40 -0700] "GET /pdf/iwd1990.docx;fetch HTTP/1.1" 404 73 "-" "Mozilla/5.0 (Linux; U; Android 4.4.2; zh-cn; GT-I9500 Build/KOT49H) AppleWebKit/537.36 (KHTML, like Gecko)Version/4.0 MQQBrowser/5.0 QQ-URL-Manager Mobile Safari/537.36" "redlug.com"
180.153.214.188 - - [18/Jun/2016:18:55:40 -0700] "GET /pdf/iwd1990.docx-o/dev/null;wget1http://redlug.com/pdf/iwd1990.docx-o/dev/null;curlhttp://redlug.com/pdf/iwd1990.docx-o/dev/null;/usr/sfwbin/wgethttp://redlug.com/pdf/iwd1990.docx;fetch-/dev/nullhttp://redlug.com/pdf/iwd1990.docx HTTP/1.1" 404 73 "-" "Mozilla/5.0 (Linux; U; Android 4.4.2; zh-cn; GT-I9500 Build/KOT49H) AppleWebKit/537.36 (KHTML, like Gecko)Version/4.0 MQQBrowser/5.0 QQ-URL-Manager Mobile Safari/537.36" "redlug.com"
101.226.51.226 - - [18/Jun/2016:18:55:41 -0700] "GET /pdf/iwd1990.docx HTTP/1.1" 404 73 "-" "Mozilla/5.0 (Linux; U; Android 4.4.2; zh-cn; GT-I9500 Build/KOT49H) AppleWebKit/537.36 (KHTML, like Gecko)Version/4.0 MQQBrowser/5.0 QQ-URL-Manager Mobile Safari/537.36" "redlug.com"
101.226.227.95 - - [18/Jun/2016:18:55:44 -0700] "GET /pdf/iwd1990.docx;fetch HTTP/1.1" 404 73 "-" "-" "redlug.com"
101.226.227.94 - - [18/Jun/2016:18:55:44 -0700] "GET /pdf/iwd1990.docx HTTP/1.1" 404 73 "-" "-" "redlug.com"
31.184.238.202 - - [18/Jun/2016:18:55:45 -0700] "GET /logs/access.log HTTP/1.1" 200 74146 "http://ordertricor2014.forumcircle.com" "Opera/9.80 (Windows NT 5.1) Presto/2.12.388 Version/12.16" "redlug.com"
180.76.15.20 - - [18/Jun/2016:18:55:52 -0700] "GET /Assorted/ HTTP/1.1" 200 1199 "-" "Mozilla/5.0 (compatible; Baiduspider/2.0; +http://www.baidu.com/search/spider.html)" "www.redlug.com"
101.226.64.174 - - [18/Jun/2016:18:55:52 -0700] "GET /pdf/iwd1990.docx HTTP/1.1" 404 88 "-" "Mozilla/5.0 (iPhone; U; CPU iPhone OS 4_0 like Mac OS X; en-us) AppleWebKit/532.9 (KHTML, like Gecko) Version/4.0.5 Mobile/8A293 Safari/6531.22.7" "redlug.com"
124.226.146.77 - - [18/Jun/2016:18:56:59 -0700] "GET /pdf/iwd1990.docx HTTP/1.1" 404 73 "http://redlug.com/pdf/" "Mozilla/4.0 (compatible; MSIE 8.0; Windows NT 6.0; Trident/4.0)" "redlug.com"
124.226.146.77 - - [18/Jun/2016:18:57:00 -0700] "GET /pdf/iwd1990.docx HTTP/1.1" 404 73 "-" "Mozilla/4.0 (compatible; MSIE 8.0; Windows NT 6.0; Trident/4.0)" "redlug.com"
5.189.162.27 - - [18/Jun/2016:18:57:07 -0700] "GET /logs/access.log HTTP/1.1" 200 6764 "http://redlug.com/" "Mozilla/5.0 (Macintosh; Intel Mac OS X 10_10_1) AppleWebKit/537.36 (KHTML, like Gecko) Chrome/39.0.2171.95 Safari/537.36" "redlug.com"
5.189.162.27 - - [18/Jun/2016:18:57:07 -0700] "GET /pdf/iwd1990.docx-o/dev/null;curlhttp://redlug.com/pdf/iwd1990.docx-o/dev/null;/usr/sfwbin/wgethttp://redlug.com/pdf/iwd1990.docx;fetch-/dev/nullhttp://redlug.com/pdf/iwd1990.docx HTTP/1.1" 404 88 "http://redlug.com/logs/access.log" "Mozilla/5.0 (Macintosh; Intel Mac OS X 10_10_1) AppleWebKit/537.36 (KHTML, like Gecko) Chrome/39.0.2171.95 Safari/537.36" "redlug.com"
5.189.162.27 - - [18/Jun/2016:18:57:08 -0700] "GET / HTTP/1.1" 200 1271 "http://redlug.com/logs/access.log" "Mozilla/5.0 (Macintosh; Intel Mac OS X 10_10_1) AppleWebKit/537.36 (KHTML, like Gecko) Chrome/39.0.2171.95 Safari/537.36" "redlug.com"
210.140.86.252 - - [18/Jun/2016:18:57:11 -0700] "GET /pdf/iwd1990.docx HTTP/1.1" 404 88 "-" "Mozilla/5.0 (Windows NT 10.0; WOW64) AppleWebKit/537.36 (KHTML, like Gecko) Chrome/47.0.2526.80 Safari/537.36 Core/1.47.516.400 QQBrowser/9.4.8142.400" "redlug.com"
183.57.152.27 - - [18/Jun/2016:18:59:23 -0700] "GET /pdf/iwd1990.docx HTTP/1.1" 404 73 "http://redlug.com/pdf/iwd1990.docx" "Mozilla/5.0 (Linux; U; Android 4.2.1; zh-cn; HUAWEI G700-U00 Build/HuaweiG700-U00) AppleWebKit/534.30 (KHTML, like Gecko) Version/4.0 Mobile Safari/534.30" "redlug.com"
144.76.8.132 - - [18/Jun/2016:18:59:32 -0700] "GET /robots.txt HTTP/1.1" 200 37 "-" "Mozilla/5.0 (compatible; MJ12bot/v1.4.5; http://www.majestic12.co.uk/bot.php?+)" "redlug.com"
144.76.8.132 - - [18/Jun/2016:18:59:34 -0700] "GET / HTTP/1.1" 200 9589 "-" "Mozilla/5.0 (compatible; MJ12bot/v1.4.5; http://www.majestic12.co.uk/bot.php?+)" "redlug.com"
220.181.132.194 - - [18/Jun/2016:18:59:35 -0700] "GET /pdf/iwd1990.docx HTTP/1.1" 404 88 "-" "Mozilla/5.0 (iPhone; CPU iPhone OS 8_0 like Mac OS X) AppleWebKit/600.1.3 (KHTML, like Gecko) Version/8.0 Mobile/12A4345d Safari/600.1.4" "redlug.com"
183.57.152.27 - - [18/Jun/2016:19:00:04 -0700] "GET /pdf/iwd1990.docx HTTP/1.1" 404 88 "-" "Mozilla/5.0 (iPhone; CPU iPhone OS 8_0 like Mac OS X) AppleWebKit/600.1.3 (KHTML, like Gecko) Version/8.0 Mobile/12A4345d Safari/600.1.4" "redlug.com"
77.27.21.64 - - [18/Jun/2016:19:00:19 -0700] "GET /logs/access.log HTTP/1.1" 200 77452 "-" "Mozilla/5.0 (X11; Linux x86_64; rv:2.0b8pre) Gecko/20101011 Firefox/4.0b8pre" "redlug.com"
116.9.93.80 - - [18/Jun/2016:19:00:58 -0700] "GET /pdf/iwd1990.docx HTTP/1.1" 404 88 "-" "Mozilla/5.0 (Windows NT 6.1; WOW64) AppleWebKit/537.36 (KHTML, like Gecko) Chrome/50.0.2661.102 UBrowser/5.7.13784.0 Safari/537.36" "redlug.com"
50.115.167.26 - - [18/Jun/2016:19:02:39 -0700] "GET /logs/access.log HTTP/1.1" 200 7103 "http://redlug.com/" "Mozilla/5.0 (Macintosh; Intel Mac OS X 10_10_1) AppleWebKit/537.36 (KHTML, like Gecko) Chrome/39.0.2171.95 Safari/537.36" "redlug.com"
40.77.167.75 - - [18/Jun/2016:19:03:52 -0700] "GET /Documents/Ali.htm HTTP/1.1" 200 8450 "-" "Mozilla/5.0 (compatible; bingbot/2.0; +http://www.bing.com/bingbot.htm)" "www.redlug.com"
31.184.238.202 - - [18/Jun/2016:19:04:59 -0700] "GET /logs/access.log HTTP/1.1" 200 78299 "http://www.purevolume.com/orderdesvenlafaxine100mgsafely" "Mozilla/5.0 (Windows NT 6.1; WOW64) AppleWebKit/537.36 (KHTML, like Gecko) Chrome/31.0.1650.63 Safari/537.36 OPR/18.0.1284.68" "redlug.com"
155.254.203.24 - - [18/Jun/2016:19:06:32 -0700] "GET /logs/access.log HTTP/1.1" 200 7244 "http://redlug.com/" "Mozilla/5.0 (Macintosh; Intel Mac OS X 10_10_1) AppleWebKit/537.36 (KHTML, like Gecko) Chrome/39.0.2171.95 Safari/537.36" "redlug.com"
52.58.221.153 - - [18/Jun/2016:19:06:58 -0700] "GET /robots.txt HTTP/1.1" 200 53 "-" "Mozilla/5.0 (compatible; Cliqzbot/1.0 +http://cliqz.com/company/cliqzbot)" "redlug.com"
52.58.221.153 - - [18/Jun/2016:19:06:59 -0700] "GET /socview/0306SCW.htm HTTP/1.1" 200 5296 "-" "Mozilla/5.0 (compatible; Cliqzbot/1.0 +http://cliqz.com/company/cliqzbot)" "redlug.com"
31.184.238.202 - - [18/Jun/2016:19:07:14 -0700] "GET /logs/access.log HTTP/1.1" 200 79194 "http://www.purevolume.com/trandate100mgordercheap" "Opera/9.80 (Windows NT 6.1) Presto/2.12.388 Version/12.16" "redlug.com"
37.25.118.242 - - [18/Jun/2016:19:12:49 -0700] "GET /logs/access_130930.log HTTP/1.1" 404 73 "http://prednisolon10rezeptfrei.aircus.com/" "Opera/9.80 (Windows NT 6.1; Edition Yx) Presto/2.12.388 Version/12.10" "redlug.com"
37.25.118.242 - - [18/Jun/2016:19:12:49 -0700] "GET /logs/access_130930.log HTTP/1.1" 404 73 "http://prednisolon10rezeptfrei.aircus.com/" "Mozilla/5.0 (Windows NT 5.2; rv:17.0) Gecko/17.0 Firefox/17.0" "redlug.com"
37.25.118.242 - - [18/Jun/2016:19:12:50 -0700] "GET /access_130930.log HTTP/1.1" 404 73 "http://prednisolon10rezeptfrei.aircus.com/" "Mozilla/5.0 (Windows NT 5.2; rv:17.0) Gecko/17.0 Firefox/17.0" "redlug.com"
37.25.118.242 - - [18/Jun/2016:19:12:50 -0700] "GET /logs/access_130930.log HTTP/1.1" 404 73 "http://prednisolon10rezeptfrei.aircus.com/" "Opera/9.80 (Windows NT 5.1; U; MRA 8.0 (build 5784); ru) Presto/2.10.289 Version/12.02" "redlug.com"
37.25.118.242 - - [18/Jun/2016:19:12:50 -0700] "GET /access_130930.log HTTP/1.1" 404 73 "http://prednisolon10rezeptfrei.aircus.com/" "Opera/9.80 (Windows NT 5.1; U; MRA 8.0 (build 5784); ru) Presto/2.10.289 Version/12.02" "redlug.com"
37.25.118.242 - - [18/Jun/2016:19:12:51 -0700] "GET /logs/access_130930.log HTTP/1.1" 404 73 "http://prednisolon10rezeptfrei.aircus.com/" "Mozilla/4.0 (compatible; MSIE 6.0; Windows NT 5.1; SV1)" "redlug.com"
37.25.118.242 - - [18/Jun/2016:19:12:51 -0700] "GET /access_130930.log HTTP/1.1" 404 73 "http://prednisolon10rezeptfrei.aircus.com/" "Mozilla/4.0 (compatible; MSIE 6.0; Windows NT 5.1; SV1)" "redlug.com"
23.94.221.212 - - [18/Jun/2016:19:14:58 -0700] "GET /logs/access.log HTTP/1.1" 200 7471 "http://redlug.com/" "Mozilla/5.0 (Macintosh; Intel Mac OS X 10_10_0) AppleWebKit/537.36 (KHTML, like Gecko) Chrome/39.0.2171.95 Safari/537.36" "redlug.com"
23.94.221.212 - - [18/Jun/2016:19:15:02 -0700] "GET /pdf/iwd1990.docx-o/dev/null;curlhttp://redlug.com/pdf/iwd1990.docx-o/dev/null;/usr/sfwbin/wgethttp://redlug.com/pdf/iwd1990.docx;fetch-/dev/nullhttp://redlug.com/pdf/iwd1990.docx HTTP/1.1" 404 88 "http://redlug.com/logs/access.log" "Mozilla/5.0 (Macintosh; Intel Mac OS X 10_10_0) AppleWebKit/537.36 (KHTML, like Gecko) Chrome/39.0.2171.95 Safari/537.36" "redlug.com"
23.94.221.212 - - [18/Jun/2016:19:15:05 -0700] "GET / HTTP/1.1" 200 1271 "http://redlug.com/logs/access.log" "Mozilla/5.0 (Macintosh; Intel Mac OS X 10_10_0) AppleWebKit/537.36 (KHTML, like Gecko) Chrome/39.0.2171.95 Safari/537.36" "redlug.com"
31.184.238.202 - - [18/Jun/2016:19:16:24 -0700] "GET /logs/access.log HTTP/1.1" 200 81856 "http://naproxenx8.over-blog.com/2014/04/low-price-naproxen-buy-online.html" "Mozilla/5.0 (Windows NT 6.1) AppleWebKit/537.36 (KHTML, like Gecko) Chrome/33.0.1750.146 Safari/537.36" "redlug.com"
149.156.96.164 - - [18/Jun/2016:19:17:16 -0700] "GET /logs/access_160618.log HTTP/1.1" 200 12394972 "-" "Wget/1.17.1 (linux-gnu)" "redlug.com"
31.184.238.202 - - [18/Jun/2016:19:18:37 -0700] "GET /logs/access.log HTTP/1.1" 200 82284 "http://probenecid-500mg-buy.over-blog.com/2014/04/order-probenecid.html" "Opera/9.80 (Windows NT 6.1; WOW64) Presto/2.12.388 Version/12.16" "redlug.com"
103.228.158.117 - - [18/Jun/2016:19:20:40 -0700] "GET /pdf/che_sos.pdf HTTP/1.1" 200 207560 "https://www.google.com.pk/" "Mozilla/5.0 (iPhone; CPU iPhone OS 9_3_1 like Mac OS X) AppleWebKit/601.1.46 (KHTML, like Gecko) Version/9.0 Mobile/13E238 Safari/601.1" "redlug.com"
164.132.161.66 - - [18/Jun/2016:19:24:43 -0700] "GET /tu/NICTUWater030603.htm HTTP/1.1" 200 2271 "-" "Mozilla/5.0 (compatible; AhrefsBot/5.1; +http://ahrefs.com/robot/)" "www.redlug.com"
103.255.4.251 - - [18/Jun/2016:19:25:37 -0700] "GET /pdf/che_sos.pdf HTTP/1.1" 200 207560 "https://www.google.com.pk/" "Mozilla/5.0 (iPhone; CPU iPhone OS 9_3_1 like Mac OS X) AppleWebKit/601.1.46 (KHTML, like Gecko) Version/9.0 Mobile/13E238 Safari/601.1" "redlug.com"
151.80.31.184 - - [18/Jun/2016:19:25:44 -0700] "GET /cwi/AustRef.htm HTTP/1.1" 200 34390 "-" "Mozilla/5.0 (compatible; AhrefsBot/5.1; +http://ahrefs.com/robot/)" "www.redlug.com"
31.184.238.202 - - [18/Jun/2016:19:27:51 -0700] "GET /logs/access.log HTTP/1.1" 200 83436 "http://sildenafilcitrate120.forumcircle.com" "Mozilla/5.0 (Macintosh; Intel Mac OS X 10_9_1) AppleWebKit/537.73.11 (KHTML, like Gecko) Version/7.0.1 Safari/537.73.11" "redlug.com"
46.185.68.84 - - [18/Jun/2016:19:28:12 -0700] "GET /LabHist/ HTTP/1.1" 200 9689 "http://vykupavto-krasnodar.ru/" "Mozilla/4.0 (compatible; MSIE 6.0; Windows XP)" "redlug.com"
46.185.68.84 - - [18/Jun/2016:19:28:14 -0700] "GET /LabHist/ HTTP/1.1" 200 9689 "http://vykupavto-krasnodar.ru/" "Mozilla/4.0 (compatible; MSIE 6.0; Windows XP)" "redlug.com"
46.185.68.84 - - [18/Jun/2016:19:28:15 -0700] "GET /LabHist/ HTTP/1.1" 200 9689 "http://vykupavto-krasnodar.ru/" "Mozilla/4.0 (compatible; MSIE 6.0; Windows XP)" "redlug.com"
180.76.15.155 - - [18/Jun/2016:19:29:21 -0700] "GET /logs/access_151214.log HTTP/1.1" 200 494882 "-" "Mozilla/5.0 (compatible; Baiduspider/2.0; +http://www.baidu.com/search/spider.html)" "www.redlug.com"
31.184.238.202 - - [18/Jun/2016:19:30:06 -0700] "GET /logs/access.log HTTP/1.1" 200 84436 "http://orderamlodipine2014.forumcircle.com" "Mozilla/5.0 (Windows NT 6.1; WOW64) AppleWebKit/537.36 (KHTML, like Gecko) Chrome/31.0.1650.63 Safari/537.36 OPR/18.0.1284.68" "redlug.com"
68.193.56.103 - - [18/Jun/2016:19:31:34 -0700] "GET / HTTP/1.1" 200 1271 "-" "Mozilla/5.0 (Macintosh; Intel Mac OS X 10_10_5) AppleWebKit/601.6.17 (KHTML, like Gecko) Version/9.1.1 Safari/601.6.17" "redlug.com"
176.100.84.239 - - [18/Jun/2016:19:31:38 -0700] "GET /logs/access.log HTTP/1.1" 200 84923 "http://everytalent.com/community/index.php?topic=247978.new#new" "Mozilla/5.0 (Windows NT 6.3; WOW64) AppleWebKit/537.36 (KHTML, like Gecko) Chrome/47.0.2526.111 Safari/537.36" "redlug.com"
176.100.84.239 - - [18/Jun/2016:19:31:45 -0700] "GET /logs/access.log HTTP/1.1" 200 85204 "http://everytalent.com/community/index.php?topic=247978.new#new" "Mozilla/5.0 (Windows NT 6.3; WOW64; rv:44.0) Gecko/20100101 Firefox/44.0" "redlug.com"
176.100.84.239 - - [18/Jun/2016:19:31:45 -0700] "GET /logs/access.log HTTP/1.1" 200 85204 "http://everytalent.com/community/index.php?topic=247978.new#new" "Mozilla/5.0 (Windows NT 6.1; WOW64; rv:44.0) Gecko/20100101 Firefox/44.0" "redlug.com"
87.98.221.68 - - [18/Jun/2016:19:34:12 -0700] "GET /logs/access.log HTTP/1.1" 200 8121 "http://redlug.com/" "Mozilla/5.0 (Macintosh; Intel Mac OS X 10_10_0) AppleWebKit/537.36 (KHTML, like Gecko) Chrome/39.0.2171.95 Safari/537.36" "redlug.com"
37.25.118.242 - - [18/Jun/2016:19:36:40 -0700] "GET /logs/access_130930.log HTTP/1.1" 404 73 "http://clomipraminaventa.aircus.com/" "Mozilla/5.0 (Windows NT 5.1) AppleWebKit/536.11 (KHTML, like Gecko) Chrome/20.0.1132.57 Safari/536.11" "redlug.com"
37.25.118.242 - - [18/Jun/2016:19:36:40 -0700] "GET /logs/access_130930.log HTTP/1.1" 404 73 "http://clomipraminaventa.aircus.com/" "Mozilla/5.0 (Windows NT 6.1) AppleWebKit/535.1 (KHTML, like Gecko) Chrome/14.0.835.163 Safari/535.1" "redlug.com"
37.25.118.242 - - [18/Jun/2016:19:36:41 -0700] "GET /access_130930.log HTTP/1.1" 404 73 "http://clomipraminaventa.aircus.com/" "Mozilla/5.0 (Windows NT 6.1) AppleWebKit/535.1 (KHTML, like Gecko) Chrome/14.0.835.163 Safari/535.1" "redlug.com"
37.25.118.242 - - [18/Jun/2016:19:36:41 -0700] "GET /logs/access_130930.log HTTP/1.1" 404 73 "http://clomipraminaventa.aircus.com/" "Mozilla/5.0 (Windows NT 6.0) AppleWebKit/537.11 (KHTML, like Gecko) Chrome/23.0.1271.95 Safari/537.11" "redlug.com"
37.25.118.242 - - [18/Jun/2016:19:36:41 -0700] "GET /access_130930.log HTTP/1.1" 404 73 "http://clomipraminaventa.aircus.com/" "Mozilla/5.0 (Windows NT 6.0) AppleWebKit/537.11 (KHTML, like Gecko) Chrome/23.0.1271.95 Safari/537.11" "redlug.com"
37.25.118.242 - - [18/Jun/2016:19:36:42 -0700] "GET /logs/access_130930.log HTTP/1.1" 404 73 "http://clomipraminaventa.aircus.com/" "Opera/9.80 (Windows NT 6.1; U; ru) Presto/2.7.39 Version/11.00" "redlug.com"
37.25.118.242 - - [18/Jun/2016:19:36:42 -0700] "GET /access_130930.log HTTP/1.1" 404 73 "http://clomipraminaventa.aircus.com/" "Opera/9.80 (Windows NT 6.1; U; ru) Presto/2.7.39 Version/11.00" "redlug.com"
31.184.238.202 - - [18/Jun/2016:19:39:19 -0700] "GET /logs/access.log HTTP/1.1" 200 87582 "http://gravatar.com/buysinequan75mglowprice" "Mozilla/5.0 (Windows NT 5.1; rv:26.0) Gecko/20100101 Firefox/26.0" "redlug.com"
107.151.152.218 - - [18/Jun/2016:19:39:30 -0700] "GET /logs/access.log HTTP/1.1" 200 87799 "http://redlug.com/" "Mozilla/5.0 (Macintosh; Intel Mac OS X 10_10_1) AppleWebKit/537.36 (KHTML, like Gecko) Chrome/39.0.2171.95 Safari/537.36" "redlug.com"
31.184.238.202 - - [18/Jun/2016:19:41:28 -0700] "GET /logs/access.log HTTP/1.1" 200 88047 "http://www.purevolume.com/buyloratadine10mgwholesale" "Mozilla/5.0 (Windows NT 6.1; rv:26.0) Gecko/20100101 Firefox/26.0" "redlug.com"
107.175.88.166 - - [18/Jun/2016:19:41:47 -0700] "GET /logs/access.log HTTP/1.1" 200 8360 "http://redlug.com/" "Mozilla/5.0 (Macintosh; Intel Mac OS X 10_10_1) AppleWebKit/537.36 (KHTML, like Gecko) Chrome/39.0.2171.95 Safari/537.36" "redlug.com"
202.68.178.56 - - [18/Jun/2016:19:41:51 -0700] "GET /logs/access.log HTTP/1.1" 200 8381 "-" "Mozilla/5.0 (X11; Ubuntu; Linux x86_64; rv:47.0) Gecko/20100101 Firefox/47.0" "redlug.com"
202.68.178.56 - - [18/Jun/2016:19:42:36 -0700] "GET /logs/access.log HTTP/1.1" 200 88703 "-" "Wget/1.15 (linux-gnu)" "redlug.com"
86.132.214.23 - - [18/Jun/2016:19:50:31 -0700] "GET /robots.txt HTTP/1.1" 200 37 "-" "Mozilla/5.0 (compatible; MJ12bot/v1.4.5; http://www.majestic12.co.uk/bot.php?+)" "redlug.com"
86.132.214.23 - - [18/Jun/2016:19:50:32 -0700] "GET /Archive/Contentslist.htm HTTP/1.1" 200 28094 "-" "Mozilla/5.0 (compatible; MJ12bot/v1.4.5; http://www.majestic12.co.uk/bot.php?+)" "redlug.com"
86.132.214.23 - - [18/Jun/2016:19:50:34 -0700] "GET /Assorted/PilgerReview.htm HTTP/1.1" 200 2953 "-" "Mozilla/5.0 (compatible; MJ12bot/v1.4.5; http://www.majestic12.co.uk/bot.php?+)" "redlug.com"
86.132.214.23 - - [18/Jun/2016:19:50:36 -0700] "GET /Socialist/No8Contents.htm HTTP/1.1" 200 1765 "-" "Mozilla/5.0 (compatible; MJ12bot/v1.4.5; http://www.majestic12.co.uk/bot.php?+)" "redlug.com"
86.132.214.23 - - [18/Jun/2016:19:50:37 -0700] "GET /Wardoc/GallowayLies.htm HTTP/1.1" 200 6955 "-" "Mozilla/5.0 (compatible; MJ12bot/v1.4.5; http://www.majestic12.co.uk/bot.php?+)" "redlug.com"
31.184.238.202 - - [18/Jun/2016:19:50:43 -0700] "GET /logs/access.log HTTP/1.1" 200 89799 "http://www.theknot.com/wedding/ethinylestradiol-and-without" "Mozilla/5.0 (Windows NT 6.1; WOW64; rv:26.0) Gecko/20100101 Firefox/26.0" "redlug.com"
31.184.238.202 - - [18/Jun/2016:19:52:59 -0700] "GET /logs/access.log HTTP/1.1" 200 90039 "http://lanyrd.com/profile/azelastine-5mg-buy-no-rx/bio/" "Mozilla/5.0 (Windows NT 6.1; WOW64) AppleWebKit/537.36 (KHTML, like Gecko) Chrome/33.0.1750.117 Safari/537.36 OPR/20.0.1387.64" "redlug.com"
37.25.118.242 - - [18/Jun/2016:20:00:27 -0700] "GET /logs/access_130930.log HTTP/1.1" 404 73 "http://www.purevolume.com/cefixime" "Mozilla/4.0 (compatible; MSIE 6.0; Windows NT 5.1; SV1)" "redlug.com"
37.25.118.242 - - [18/Jun/2016:20:00:27 -0700] "GET /logs/access_130930.log HTTP/1.1" 404 73 "http://www.purevolume.com/cefixime" "Mozilla/4.0 (compatible; MSIE 7.0; Windows NT 5.1; Trident/4.0)" "redlug.com"
37.25.118.242 - - [18/Jun/2016:20:00:28 -0700] "GET /access_130930.log HTTP/1.1" 404 73 "http://www.purevolume.com/cefixime" "Mozilla/4.0 (compatible; MSIE 7.0; Windows NT 5.1; Trident/4.0)" "redlug.com"
37.25.118.242 - - [18/Jun/2016:20:00:48 -0700] "GET /logs/access_130930.log HTTP/1.1" 404 73 "http://www.purevolume.com/cefixime" "Opera/9.80 (Windows NT 6.1; Edition Yx) Presto/2.12.388 Version/12.10" "redlug.com"
37.25.118.242 - - [18/Jun/2016:20:00:49 -0700] "GET /access_130930.log HTTP/1.1" 404 73 "http://www.purevolume.com/cefixime" "Opera/9.80 (Windows NT 6.1; Edition Yx) Presto/2.12.388 Version/12.10" "redlug.com"
37.25.118.242 - - [18/Jun/2016:20:00:57 -0700] "GET /logs/access_130930.log HTTP/1.1" 404 73 "http://www.purevolume.com/cefixime" "Mozilla/5.0 (Macintosh; Intel Mac OS X 10_7_5) AppleWebKit/536.26.17 (KHTML, like Gecko) Version/6.0.2 Safari/536.26.17" "redlug.com"
141.8.143.147 - - [18/Jun/2016:20:01:26 -0700] "GET /logs/access_141220.log HTTP/1.1" 200 2237404 "-" "Mozilla/5.0 (compatible; YandexBot/3.0; +http://yandex.com/bots)" "redlug.com"
31.184.238.202 - - [18/Jun/2016:20:02:25 -0700] "GET /logs/access.log HTTP/1.1" 200 91815 "http://www.theknot.com/wedding/primidone-online" "Opera/9.80 (Windows NT 6.1; Win64; x64) Presto/2.12.388 Version/12.16" "redlug.com"
77.27.21.64 - - [18/Jun/2016:20:02:40 -0700] "GET /logs/access.log HTTP/1.1" 200 92040 "-" "Mozilla/5.0 (X11; Linux x86_64; rv:2.0b8pre) Gecko/20101011 Firefox/4.0b8pre" "redlug.com"
5.255.250.90 - - [18/Jun/2016:20:02:42 -0700] "GET /logs/access_141220.log HTTP/1.1" 200 3553953 "-" "Mozilla/5.0 (compatible; YandexBot/3.0; +http://yandex.com/bots)" "redlug.com"
180.76.15.21 - - [18/Jun/2016:20:02:51 -0700] "GET /Election/GeneralPetition.doc HTTP/1.1" 200 24576 "-" "Mozilla/5.0 (compatible; Baiduspider/2.0; +http://www.baidu.com/search/spider.html)" "www.redlug.com"
31.184.238.202 - - [18/Jun/2016:20:04:42 -0700] "GET /logs/access.log HTTP/1.1" 200 92612 "http://clomiphenev6e.forumcircle.com" "Mozilla/5.0 (Windows NT 5.1) AppleWebKit/537.36 (KHTML, like Gecko) Chrome/33.0.1750.117 Safari/537.36" "redlug.com"
157.55.2.189 - - [18/Jun/2016:20:05:05 -0700] "GET /cwi.css HTTP/1.1" 404 88 "http://www.redlug.com/Documents/Ali.htm" "Mozilla/5.0 (Windows NT 6.1; WOW64) AppleWebKit/534+ (KHTML, like Gecko) BingPreview/1.0b" "www.redlug.com"
157.55.39.66 - - [18/Jun/2016:20:08:55 -0700] "GET /Socialist.htm HTTP/1.1" 200 1050 "-" "Mozilla/5.0 (compatible; bingbot/2.0; +http://www.bing.com/bingbot.htm)" "redlug.com"
31.184.238.202 - - [18/Jun/2016:20:14:04 -0700] "GET /logs/access.log HTTP/1.1" 200 93263 "http://propafenone150mgsh.over-blog.com/2014/05/order-propafenone-150mg-cheap.html" "Mozilla/5.0 (Windows NT 6.2; WOW64) AppleWebKit/537.36 (KHTML, like Gecko) Chrome/32.0.1700.76 Safari/537.36" "redlug.com"
31.184.238.202 - - [18/Jun/2016:20:16:20 -0700] "GET /logs/access.log HTTP/1.1" 200 93562 "http://buy-progestogen-online.over-blog.com/2014/04/progestogen-25mg-buy-safely.html" "Opera/9.80 (Windows NT 5.1) Presto/2.12.388 Version/12.16" "redlug.com"
37.25.118.242 - - [18/Jun/2016:20:23:20 -0700] "GET /logs/access_130930.log HTTP/1.1" 404 73 "http://prednisolon10rezeptfrei.aircus.com/" "Mozilla/5.0 (Windows NT 6.2; WOW64) AppleWebKit/537.11 (KHTML, like Gecko) Chrome/23.0.1271.95 Safari/537.11" "redlug.com"
37.25.118.242 - - [18/Jun/2016:20:23:20 -0700] "GET /logs/access_130930.log HTTP/1.1" 404 73 "http://prednisolon10rezeptfrei.aircus.com/" "Mozilla/5.0 (Windows NT 6.1; rv:9.0.1) Gecko/20100101 Firefox/9.0.1" "redlug.com"
37.25.118.242 - - [18/Jun/2016:20:23:21 -0700] "GET /access_130930.log HTTP/1.1" 404 73 "http://prednisolon10rezeptfrei.aircus.com/" "Mozilla/5.0 (Windows NT 6.1; rv:9.0.1) Gecko/20100101 Firefox/9.0.1" "redlug.com"
37.25.118.242 - - [18/Jun/2016:20:23:23 -0700] "GET /logs/access_130930.log HTTP/1.1" 404 73 "http://prednisolon10rezeptfrei.aircus.com/" "Opera/9.80 (Windows NT 5.1) Presto/2.12.388 Version/12.11" "redlug.com"
37.25.118.242 - - [18/Jun/2016:20:23:24 -0700] "GET /access_130930.log HTTP/1.1" 404 73 "http://prednisolon10rezeptfrei.aircus.com/" "Opera/9.80 (Windows NT 5.1) Presto/2.12.388 Version/12.11" "redlug.com"
37.25.118.242 - - [18/Jun/2016:20:23:24 -0700] "GET /logs/access_130930.log HTTP/1.1" 404 73 "http://prednisolon10rezeptfrei.aircus.com/" "Opera/9.80 (Windows NT 6.2; U; en) Presto/2.10.289 Version/12.02" "redlug.com"
37.25.118.242 - - [18/Jun/2016:20:23:25 -0700] "GET /access_130930.log HTTP/1.1" 404 73 "http://prednisolon10rezeptfrei.aircus.com/" "Opera/9.80 (Windows NT 6.2; U; en) Presto/2.10.289 Version/12.02" "redlug.com"
31.184.238.202 - - [18/Jun/2016:20:25:41 -0700] "GET /logs/access.log HTTP/1.1" 200 95359 "http://buyciprofloxacin500mg.over-blog.com/2014/04/cheap-ciprofloxacin-500-mg-order-online-where-to-purchase-ciprofloxacin-cheap.html" "Mozilla/5.0 (Windows NT 6.2; WOW64) AppleWebKit/537.36 (KHTML, like Gecko) Chrome/32.0.1700.107 Safari/537.36" "redlug.com"
118.69.225.163 - - [18/Jun/2016:20:26:36 -0700] "GET /logs/access.log HTTP/1.1" 200 9175 "http://redlug.com/" "Mozilla/5.0 (Macintosh; Intel Mac OS X 10_10_1) AppleWebKit/537.36 (KHTML, like Gecko) Chrome/39.0.2171.95 Safari/537.36" "redlug.com"
118.69.225.163 - - [18/Jun/2016:20:26:37 -0700] "GET /pdf/iwd1990.docx-o/dev/null;curlhttp://redlug.com/pdf/iwd1990.docx-o/dev/null;/usr/sfwbin/wgethttp://redlug.com/pdf/iwd1990.docx;fetch-/dev/nullhttp://redlug.com/pdf/iwd1990.docx HTTP/1.1" 404 88 "http://redlug.com/logs/access.log" "Mozilla/5.0 (Macintosh; Intel Mac OS X 10_10_1) AppleWebKit/537.36 (KHTML, like Gecko) Chrome/39.0.2171.95 Safari/537.36" "redlug.com"
118.69.225.163 - - [18/Jun/2016:20:26:37 -0700] "GET / HTTP/1.1" 200 1271 "http://redlug.com/logs/access.log" "Mozilla/5.0 (Macintosh; Intel Mac OS X 10_10_1) AppleWebKit/537.36 (KHTML, like Gecko) Chrome/39.0.2171.95 Safari/537.36" "redlug.com"
31.184.238.202 - - [18/Jun/2016:20:27:56 -0700] "GET /logs/access.log HTTP/1.1" 200 96624 "http://7zzwellbutrinsr150mg.forumcircle.com" "Mozilla/5.0 (Windows NT 6.1; WOW64) AppleWebKit/537.36 (KHTML, like Gecko) Chrome/33.0.1750.146 Safari/537.36" "redlug.com"
122.226.128.251 - - [18/Jun/2016:20:28:23 -0700] "GET /logs/access.log HTTP/1.1" 200 96885 "http://redlug.com/" "Mozilla/5.0 (Macintosh; Intel Mac OS X 10_10_1) AppleWebKit/537.36 (KHTML, like Gecko) Chrome/39.0.2171.95 Safari/537.36" "redlug.com"
151.80.31.167 - - [18/Jun/2016:20:30:30 -0700] "GET /paper2004/0404Transport.htm HTTP/1.1" 200 1948 "-" "Mozilla/5.0 (compatible; AhrefsBot/5.1; +http://ahrefs.com/robot/)" "www.redlug.com"
176.100.84.239 - - [18/Jun/2016:20:32:10 -0700] "GET /logs/access.log HTTP/1.1" 200 97323 "http://er-mag.net/forums/index.php?topic=159654.new#new" "Mozilla/5.0 (Windows NT 6.1; WOW64) AppleWebKit/537.36 (KHTML, like Gecko) Chrome/48.0.2564.82 Safari/537.36 OPR/35.0.2066.37" "redlug.com"
176.100.84.239 - - [18/Jun/2016:20:32:17 -0700] "GET /logs/access.log HTTP/1.1" 200 97612 "http://er-mag.net/forums/index.php?topic=159654.new#new" "Mozilla/5.0 (Windows NT 5.1; rv:43.0) Gecko/20100101 Firefox/43.0" "redlug.com"
176.100.84.239 - - [18/Jun/2016:20:32:18 -0700] "GET /logs/access.log HTTP/1.1" 200 97612 "http://er-mag.net/forums/index.php?topic=159654.new#new" "Mozilla/5.0 (Windows NT 6.3; WOW64; rv:44.0) Gecko/20100101 Firefox/44.0" "redlug.com"
31.184.238.202 - - [18/Jun/2016:20:37:17 -0700] "GET /logs/access.log HTTP/1.1" 200 98077 "http://www.theknot.com/wedding/clofazimine-and-special" "Mozilla/5.0 (Windows NT 6.0) AppleWebKit/537.36 (KHTML, like Gecko) Chrome/32.0.1700.107 Safari/537.36" "redlug.com"
31.184.238.202 - - [18/Jun/2016:20:39:30 -0700] "GET /logs/access.log HTTP/1.1" 200 98342 "http://buy-tamoxifen-online.tumblr.com" "Mozilla/5.0 (Windows NT 6.1) AppleWebKit/537.36 (KHTML, like Gecko) Chrome/32.0.1700.76 Safari/537.36" "redlug.com"
37.25.118.242 - - [18/Jun/2016:20:47:09 -0700] "GET /logs/access_130930.log HTTP/1.1" 404 73 "http://prednisolon10rezeptfrei.aircus.com/" "Mozilla/5.0 (Windows NT 6.1; WOW64) AppleWebKit/537.4 (KHTML, like Gecko) Chrome/22.0.1229.79 Safari/537.4" "redlug.com"
37.25.118.242 - - [18/Jun/2016:20:47:09 -0700] "GET /logs/access_130930.log HTTP/1.1" 404 73 "http://prednisolon10rezeptfrei.aircus.com/" "Mozilla/5.0 (Windows NT 6.2; WOW64; rv:16.0) Gecko/20100101 Firefox/16.0" "redlug.com"
37.25.118.242 - - [18/Jun/2016:20:47:10 -0700] "GET /access_130930.log HTTP/1.1" 404 73 "http://prednisolon10rezeptfrei.aircus.com/" "Mozilla/5.0 (Windows NT 6.2; WOW64; rv:16.0) Gecko/20100101 Firefox/16.0" "redlug.com"
37.25.118.242 - - [18/Jun/2016:20:47:10 -0700] "GET /logs/access_130930.log HTTP/1.1" 404 73 "http://prednisolon10rezeptfrei.aircus.com/" "Opera/9.80 (Windows NT 6.1; U; YB/3.5.1; ru) Presto/2.6.30 Version/10.63" "redlug.com"
37.25.118.242 - - [18/Jun/2016:20:47:10 -0700] "GET /access_130930.log HTTP/1.1" 404 73 "http://prednisolon10rezeptfrei.aircus.com/" "Opera/9.80 (Windows NT 6.1; U; YB/3.5.1; ru) Presto/2.6.30 Version/10.63" "redlug.com"
37.25.118.242 - - [18/Jun/2016:20:47:11 -0700] "GET /logs/access_130930.log HTTP/1.1" 404 73 "http://prednisolon10rezeptfrei.aircus.com/" "Opera/9.80 (Windows NT 5.1; U; ru) Presto/2.10.229 Version/11.64" "redlug.com"
37.25.118.242 - - [18/Jun/2016:20:47:11 -0700] "GET /access_130930.log HTTP/1.1" 404 73 "http://prednisolon10rezeptfrei.aircus.com/" "Opera/9.80 (Windows NT 5.1; U; ru) Presto/2.10.229 Version/11.64" "redlug.com"
31.184.238.202 - - [18/Jun/2016:20:48:56 -0700] "GET /logs/access.log HTTP/1.1" 200 100175 "http://buy-alendronate-10mg-safely.tumblr.com" "Mozilla/5.0 (Windows NT 6.1; WOW64) AppleWebKit/537.36 (KHTML, like Gecko) Chrome/33.0.1750.146 Safari/537.36" "redlug.com"
31.184.238.202 - - [18/Jun/2016:20:51:04 -0700] "GET /logs/access.log HTTP/1.1" 200 100439 "http://buy-chlorzoxazone-online-uk.page.tl" "Opera/9.80 (Windows NT 6.1) Presto/2.12.388 Version/12.16" "redlug.com"
115.70.179.94 - - [18/Jun/2016:20:54:05 -0700] "GET /wp-login.php HTTP/1.1" 404 73 "-" "Mozilla/5.0 (Windows NT 6.1; WOW64; rv:40.0) Gecko/20100101 Firefox/40.1" "redlug.com"
31.184.238.202 - - [18/Jun/2016:21:00:14 -0700] "GET /logs/access.log HTTP/1.1" 200 100823 "http://www.theknot.com/wedding/dostinex-and-shipping" "Mozilla/5.0 (Windows NT 6.3; WOW64; rv:26.0) Gecko/20100101 Firefox/26.0" "redlug.com"
31.184.238.202 - - [18/Jun/2016:21:02:23 -0700] "GET /logs/access.log HTTP/1.1" 200 101057 "http://www.theknot.com/wedding/finasteride-and-cheap" "Mozilla/5.0 (Windows NT 6.1; rv:26.0) Gecko/20100101 Firefox/26.0" "redlug.com"
77.27.21.64 - - [18/Jun/2016:21:05:34 -0700] "GET /logs/access.log HTTP/1.1" 200 101284 "-" "Mozilla/5.0 (X11; Linux x86_64; rv:2.0b8pre) Gecko/20101011 Firefox/4.0b8pre" "redlug.com"
37.59.232.134 - - [18/Jun/2016:21:07:22 -0700] "GET /logs/access.log HTTP/1.1" 200 9741 "http://redlug.com/" "Mozilla/5.0 (Macintosh; Intel Mac OS X 10_10_1) AppleWebKit/537.36 (KHTML, like Gecko) Chrome/39.0.2171.95 Safari/537.36" "redlug.com"
37.25.118.242 - - [18/Jun/2016:21:10:43 -0700] "GET /logs/access_130930.log HTTP/1.1" 404 73 "http://clomipraminaventa.aircus.com/" "Mozilla/5.0 (Windows NT 6.0; WOW64) AppleWebKit/537.11 (KHTML, like Gecko) Chrome/23.0.1271.64 Safari/537.11" "redlug.com"
37.25.118.242 - - [18/Jun/2016:21:11:05 -0700] "GET /logs/access_130930.log HTTP/1.1" 404 73 "http://clomipraminaventa.aircus.com/" "Opera/9.80 (Windows NT 5.1; MRA 6.0 (build 5831)) Presto/2.12.388 Version/12.10" "redlug.com"
37.25.118.242 - - [18/Jun/2016:21:11:06 -0700] "GET /access_130930.log HTTP/1.1" 404 73 "http://clomipraminaventa.aircus.com/" "Opera/9.80 (Windows NT 5.1; MRA 6.0 (build 5831)) Presto/2.12.388 Version/12.10" "redlug.com"
37.25.118.242 - - [18/Jun/2016:21:11:07 -0700] "GET /logs/access_130930.log HTTP/1.1" 404 73 "http://clomipraminaventa.aircus.com/" "Mozilla/5.0 (Windows NT 6.1) AppleWebKit/535.19 (KHTML, like Gecko) Chrome/18.0.1025.1634 Safari/535.19 YI" "redlug.com"
37.25.118.242 - - [18/Jun/2016:21:11:07 -0700] "GET /access_130930.log HTTP/1.1" 404 73 "http://clomipraminaventa.aircus.com/" "Mozilla/5.0 (Windows NT 6.1) AppleWebKit/535.19 (KHTML, like Gecko) Chrome/18.0.1025.1634 Safari/535.19 YI" "redlug.com"
31.184.238.202 - - [18/Jun/2016:21:11:47 -0700] "GET /logs/access.log HTTP/1.1" 200 102921 "http://www.purevolume.com/orderlevobunolol05mg" "Mozilla/5.0 (Windows NT 6.1) AppleWebKit/537.36 (KHTML, like Gecko) Chrome/32.0.1700.102 Safari/537.36" "redlug.com"
31.184.238.202 - - [18/Jun/2016:21:13:58 -0700] "GET /logs/access.log HTTP/1.1" 200 103179 "http://i2trileptal150mg.forumcircle.com" "Mozilla/5.0 (Windows NT 6.1; WOW64) AppleWebKit/537.36 (KHTML, like Gecko) Chrome/33.0.1750.146 Safari/537.36" "redlug.com"
31.184.238.202 - - [18/Jun/2016:21:23:14 -0700] "GET /logs/access.log HTTP/1.1" 200 103437 "http://gravatar.com/conscontcaveddaymo" "Mozilla/5.0 (Windows NT 6.2; WOW64) AppleWebKit/537.36 (KHTML, like Gecko) Chrome/32.0.1700.76 Safari/537.36" "redlug.com"
31.184.238.202 - - [18/Jun/2016:21:25:23 -0700] "GET /logs/access.log HTTP/1.1" 200 103693 "http://ziprasidone-20mg-order-cheap.tumblr.com" "Mozilla/5.0 (Windows NT 6.1; WOW64) AppleWebKit/537.36 (KHTML, like Gecko) Chrome/32.0.1700.102 Safari/537.36" "redlug.com"
211.110.127.210 - - [18/Jun/2016:21:26:00 -0700] "GET /logs/access.log HTTP/1.1" 200 9968 "http://redlug.com/" "Mozilla/5.0 (Macintosh; Intel Mac OS X 10_10_1) AppleWebKit/537.36 (KHTML, like Gecko) Chrome/39.0.2171.95 Safari/537.36" "redlug.com"
176.100.84.239 - - [18/Jun/2016:21:32:29 -0700] "GET /logs/access.log HTTP/1.1" 200 104205 "http://cncgods.com/memberlist.php?mode=viewprofile&u=27174&sid=4faf2f8c0537a93a40f1346b531adbb2" "Mozilla/5.0 (Windows NT 6.1; WOW64) AppleWebKit/537.36 (KHTML, like Gecko) Chrome/48.0.2564.103 Safari/537.36" "redlug.com"
176.100.84.239 - - [18/Jun/2016:21:32:35 -0700] "GET /logs/access.log HTTP/1.1" 200 104519 "http://cncgods.com/memberlist.php?mode=viewprofile&u=27174&sid=4faf2f8c0537a93a40f1346b531adbb2" "Mozilla/5.0 (Windows NT 6.1; WOW64) AppleWebKit/537.36 (KHTML, like Gecko) Chrome/48.0.2564.109 Safari/537.36" "redlug.com"
176.100.84.239 - - [18/Jun/2016:21:32:35 -0700] "GET /logs/access.log HTTP/1.1" 200 104519 "http://cncgods.com/memberlist.php?mode=viewprofile&u=27174&sid=4faf2f8c0537a93a40f1346b531adbb2" "Mozilla/5.0 (Windows NT 10.0; WOW64; rv:43.0) Gecko/20100101 Firefox/43.0" "redlug.com"
37.25.118.242 - - [18/Jun/2016:21:33:41 -0700] "GET /logs/access_130930.log HTTP/1.1" 404 73 "http://clomipraminaventa.aircus.com/" "Opera/9.80 (Windows NT 6.1; MRA 6.0 (build 5970)) Presto/2.12.388 Version/12.11" "redlug.com"
37.25.118.242 - - [18/Jun/2016:21:33:42 -0700] "GET /logs/access_130930.log HTTP/1.1" 404 73 "http://clomipraminaventa.aircus.com/" "Mozilla/5.0 (Windows NT 6.1; rv:10.0.2) Gecko/20100101 Firefox/10.0.2" "redlug.com"
37.25.118.242 - - [18/Jun/2016:21:33:42 -0700] "GET /access_130930.log HTTP/1.1" 404 73 "http://clomipraminaventa.aircus.com/" "Mozilla/5.0 (Windows NT 6.1; rv:10.0.2) Gecko/20100101 Firefox/10.0.2" "redlug.com"
37.25.118.242 - - [18/Jun/2016:21:33:42 -0700] "GET /logs/access_130930.log HTTP/1.1" 404 73 "http://clomipraminaventa.aircus.com/" "Opera/9.80 (Windows NT 6.1; U; ru) Presto/2.10.229 Version/11.64" "redlug.com"
37.25.118.242 - - [18/Jun/2016:21:33:43 -0700] "GET /access_130930.log HTTP/1.1" 404 73 "http://clomipraminaventa.aircus.com/" "Opera/9.80 (Windows NT 6.1; U; ru) Presto/2.10.229 Version/11.64" "redlug.com"
37.25.118.242 - - [18/Jun/2016:21:33:43 -0700] "GET /logs/access_130930.log HTTP/1.1" 404 73 "http://clomipraminaventa.aircus.com/" "Mozilla/5.0 (Windows NT 5.1; rv:5.0.1) Gecko/20100101 Firefox/5.0.1" "redlug.com"
37.25.118.242 - - [18/Jun/2016:21:33:43 -0700] "GET /access_130930.log HTTP/1.1" 404 73 "http://clomipraminaventa.aircus.com/" "Mozilla/5.0 (Windows NT 5.1; rv:5.0.1) Gecko/20100101 Firefox/5.0.1" "redlug.com"
31.184.238.202 - - [18/Jun/2016:21:34:35 -0700] "GET /logs/access.log HTTP/1.1" 200 106611 "http://buyzestril247.forumcircle.com" "Mozilla/5.0 (Windows NT 6.1) AppleWebKit/537.36 (KHTML, like Gecko) Chrome/33.0.1750.117 Safari/537.36" "redlug.com"
85.25.210.234 - - [18/Jun/2016:21:36:37 -0700] "GET /robots.txt HTTP/1.1" 200 53 "-" "Mozilla/5.0 (compatible; seoscanners.net/1; +spider@seoscanners.net)" "redlug.com"
85.25.210.234 - - [18/Jun/2016:21:36:38 -0700] "GET / HTTP/1.1" 200 1271 "-" "Mozilla/5.0 (compatible; seoscanners.net/1; +spider@seoscanners.net)" "redlug.com"
31.184.238.202 - - [18/Jun/2016:21:36:49 -0700] "GET /logs/access.log HTTP/1.1" 200 107189 "http://fluconazole-order.over-blog.com/2014/04/cheap-fluconazole-100mg-buy-online-fluconazole-complete-original-buy.html" "Mozilla/5.0 (Windows NT 6.3; WOW64) AppleWebKit/537.36 (KHTML, like Gecko) Chrome/33.0.1750.146 Safari/537.36" "redlug.com"
5.189.162.27 - - [18/Jun/2016:21:37:07 -0700] "GET /logs/access.log HTTP/1.1" 200 10317 "http://redlug.com/" "Mozilla/5.0 (Macintosh; Intel Mac OS X 10_10_1) AppleWebKit/537.36 (KHTML, like Gecko) Chrome/39.0.2171.95 Safari/537.36" "redlug.com"
5.189.162.27 - - [18/Jun/2016:21:37:07 -0700] "GET /pdf/iwd1990.docx-o/dev/null;curlhttp://redlug.com/pdf/iwd1990.docx-o/dev/null;/usr/sfwbin/wgethttp://redlug.com/pdf/iwd1990.docx;fetch-/dev/nullhttp://redlug.com/pdf/iwd1990.docx HTTP/1.1" 404 88 "http://redlug.com/logs/access.log" "Mozilla/5.0 (Macintosh; Intel Mac OS X 10_10_1) AppleWebKit/537.36 (KHTML, like Gecko) Chrome/39.0.2171.95 Safari/537.36" "redlug.com"
5.189.162.27 - - [18/Jun/2016:21:37:07 -0700] "GET / HTTP/1.1" 200 1271 "http://redlug.com/logs/access.log" "Mozilla/5.0 (Macintosh; Intel Mac OS X 10_10_1) AppleWebKit/537.36 (KHTML, like Gecko) Chrome/39.0.2171.95 Safari/537.36" "redlug.com"
141.8.143.219 - - [18/Jun/2016:21:39:08 -0700] "GET /logs/access_150214.log HTTP/1.1" 200 3277762 "-" "Mozilla/5.0 (compatible; YandexBot/3.0; +http://yandex.com/bots)" "redlug.com"
69.30.211.2 - - [18/Jun/2016:21:41:49 -0700] "GET /robots.txt HTTP/1.1" 200 37 "-" "Mozilla/5.0 (compatible; MJ12bot/v1.4.5; http://www.majestic12.co.uk/bot.php?+)" "www.redlug.com"
69.30.211.2 - - [18/Jun/2016:21:41:51 -0700] "GET /paper2004/0404Fascism.htm HTTP/1.1" 200 3397 "-" "Mozilla/5.0 (compatible; MJ12bot/v1.4.5; http://www.majestic12.co.uk/bot.php?+)" "www.redlug.com"
69.30.211.2 - - [18/Jun/2016:21:41:52 -0700] "GET /paper2004/0404JHEuro.htm HTTP/1.1" 200 2307 "-" "Mozilla/5.0 (compatible; MJ12bot/v1.4.5; http://www.majestic12.co.uk/bot.php?+)" "www.redlug.com"
69.30.211.2 - - [18/Jun/2016:21:41:54 -0700] "GET /paper2004/0404MEast.htm HTTP/1.1" 200 1698 "-" "Mozilla/5.0 (compatible; MJ12bot/v1.4.5; http://www.majestic12.co.uk/bot.php?+)" "www.redlug.com"
69.30.211.2 - - [18/Jun/2016:21:41:56 -0700] "GET /paper2004/0404MayDay.htm HTTP/1.1" 200 2281 "-" "Mozilla/5.0 (compatible; MJ12bot/v1.4.5; http://www.majestic12.co.uk/bot.php?+)" "www.redlug.com"
69.30.211.2 - - [18/Jun/2016:21:41:58 -0700] "GET /paper2004/0404Post.htm HTTP/1.1" 200 1614 "-" "Mozilla/5.0 (compatible; MJ12bot/v1.4.5; http://www.majestic12.co.uk/bot.php?+)" "www.redlug.com"
69.30.211.2 - - [18/Jun/2016:21:42:02 -0700] "GET /paper2004/0404Racism.htm HTTP/1.1" 200 1928 "-" "Mozilla/5.0 (compatible; MJ12bot/v1.4.5; http://www.majestic12.co.uk/bot.php?+)" "www.redlug.com"
69.30.211.2 - - [18/Jun/2016:21:42:04 -0700] "GET /paper2004/0404Ref.htm HTTP/1.1" 200 2089 "-" "Mozilla/5.0 (compatible; MJ12bot/v1.4.5; http://www.majestic12.co.uk/bot.php?+)" "www.redlug.com"
69.30.211.2 - - [18/Jun/2016:21:42:05 -0700] "GET /paper2004/0404SSU.htm HTTP/1.1" 200 1426 "-" "Mozilla/5.0 (compatible; MJ12bot/v1.4.5; http://www.majestic12.co.uk/bot.php?+)" "www.redlug.com"
